// Jest Snapshot v1, https://goo.gl/fbAQLP

exports[`Test suits for Header should match with snapshot 1`] = `
<header>
  Header
</header>
`;
